# ZenVault Banking System Development Log
- [2025-04-01 09:21:00] Cleanup: Remove legacy database migration scripts
- [2025-04-01 11:51:00] Perf: Improve report generation speed for large datasets
- [2025-04-01 21:38:00] Feature: Add support for multi-currency account management
- [2025-04-02 13:22:00] Feature: Add support for multi-currency account management
- [2025-04-03 09:34:00] Perf: Improve report generation speed for large datasets
- [2025-04-03 09:39:00] Feature: Implement real-time transaction notifications
- [2025-04-03 11:00:00] Feature: Implement real-time transaction notifications
- [2025-04-03 21:11:00] Fix: Correct balance calculation logic for pending transactions
- [2025-04-04 12:12:00] Style: Modernize dashboard icons and typography
- [2025-04-04 12:26:00] Refactor: Optimize MySQL database connection pooling
- [2025-04-04 17:31:00] Perf: Improve report generation speed for large datasets
- [2025-04-07 17:41:00] Refactor: Centralize security configuration and JWT handling
- [2025-04-07 20:59:00] UI: Develop comprehensive admin dashboard for account management
- [2025-04-08 12:25:00] Bugfix: Fix data validation edge cases in client registration
- [2025-04-08 16:12:00] Refactor: Centralize security configuration and JWT handling
- [2025-04-14 13:00:00] UI: Enhance accessibility features for the client portal
- [2025-04-14 15:30:00] Style: Refined UI elements for better user experience
- [2025-04-15 09:47:00] Style: Refined UI elements for better user experience
- [2025-04-15 11:46:00] Refactor: Optimize MySQL database connection pooling
- [2025-04-15 12:49:00] Feat: Implement secure login with encrypted session handling
- [2025-04-15 17:34:00] Perf: Improve report generation speed for large datasets
- [2025-04-17 09:04:00] Refactor: Optimize MySQL database connection pooling
- [2025-04-17 09:04:00] Cleanup: Remove legacy database migration scripts
- [2025-04-17 14:29:00] Fix: Resolve concurrency issues in transaction processing
- [2025-04-17 20:44:00] Fix: Resolve concurrency issues in transaction processing
- [2025-04-18 12:01:00] Bugfix: Fix data validation edge cases in client registration
- [2025-04-18 16:28:00] Feature: Implement advanced search and filtering for transaction history
- [2025-04-21 13:14:00] Fix: Handle database timeout gracefully during peak loads
- [2025-04-21 20:34:00] Perf: Improve report generation speed for large datasets
- [2025-04-23 12:50:00] Cleanup: Remove legacy database migration scripts
- [2025-04-23 18:43:00] Feat: Implement secure login with encrypted session handling
- [2025-04-23 20:49:00] Feature: Add support for multi-currency account management
- [2025-04-24 10:09:00] Docs: Add comprehensive setup guide for Java/Swing environment
- [2025-04-24 12:27:00] Perf: Improve report generation speed for large datasets
- [2025-04-24 18:54:00] Update: Refresh Maven dependencies to latest stable versions
- [2025-04-24 21:12:00] Feat: Integrate automated daily backup system
- [2025-04-28 12:09:00] Docs: Add comprehensive setup guide for Java/Swing environment
- [2025-04-29 13:36:00] Refactor: Centralize security configuration and JWT handling
- [2025-04-29 15:17:00] Refactor: Modularize core banking logic into separate services
- [2025-04-30 16:01:00] Feat: Integrate automated daily backup system
- [2025-04-30 16:02:00] Fix: Correct balance calculation logic for pending transactions
